* nat
-N CODESEALER_INBOUND
-N CODESEALER_REDIRECT
-N CODESEALER_IN_REDIRECT
-N CODESEALER_OUTPUT
-A CODESEALER_INBOUND -p tcp --dport 15008 -j RETURN
-A CODESEALER_REDIRECT -p tcp -j REDIRECT --to-ports 15001
-A CODESEALER_IN_REDIRECT -p tcp -j REDIRECT --to-ports 15006
-A PREROUTING -p tcp -j CODESEALER_INBOUND
-A CODESEALER_INBOUND -p tcp --dport 1111 -j CODESEALER_IN_REDIRECT
-A CODESEALER_INBOUND -p tcp --dport 2222 -j CODESEALER_IN_REDIRECT
-A OUTPUT -p tcp -j CODESEALER_OUTPUT
-A CODESEALER_OUTPUT -p tcp --dport 5555 -j RETURN
-A CODESEALER_OUTPUT -p tcp --dport 6666 -j RETURN
-A CODESEALER_OUTPUT -o lo -s 127.0.0.6/32 -j RETURN
-A CODESEALER_OUTPUT -o lo ! -d 127.0.0.1/32 -p tcp ! --dport 15008 -m owner --uid-owner 1337 -j CODESEALER_IN_REDIRECT
-A CODESEALER_OUTPUT -o lo -m owner ! --uid-owner 1337 -j RETURN
-A CODESEALER_OUTPUT -m owner --uid-owner 1337 -j RETURN
-A CODESEALER_OUTPUT -o lo ! -d 127.0.0.1/32 -p tcp ! --dport 15008 -m owner --gid-owner 1337 -j CODESEALER_IN_REDIRECT
-A CODESEALER_OUTPUT -o lo -m owner ! --gid-owner 1337 -j RETURN
-A CODESEALER_OUTPUT -m owner --gid-owner 1337 -j RETURN
-A CODESEALER_OUTPUT -d 127.0.0.1/32 -j RETURN
-A CODESEALER_OUTPUT -j CODESEALER_REDIRECT
COMMIT
